
> portfolio@0.1.0 build
> next build

Γû▓ Next.js 16.2.1 (Turbopack)

  Creating an optimized production build ...
Γ£ô Compiled successfully in 2.2s
  Running TypeScript ...
node.exe : Failed to type check.
At line:1 char:1
+ & "C:\Program Files\nodejs/node.exe" 
"C:\Program Files\nodejs/node_mo ...
+ ~~~~~~~~~~~~~~~~~~~~~~~~~~~~~~~~~~~~~~
~~~~~~~~~~~~~~~~~~~~~~~~~~~~~~~
    + CategoryInfo          : NotSpecif 
   ied: (Failed to type check.:String)  
   [], RemoteException
    + FullyQualifiedErrorId : NativeCom 
   mandError
 

./src/components/Hero.tsx:38:21
Type error: Type '{ hidden: { opacity: 
number; y: number; }; show: { opacity: 
number; y: number; transition: { 
duration: number; ease: string; }; }; 
}' is not assignable to type 'Variants'.
  Property 'show' is incompatible with 
index signature.
    Type '{ opacity: number; y: number; 
transition: { duration: number; ease: 
string; }; }' is not assignable to type 
'Variant'.
      Type '{ opacity: number; y: 
number; transition: { duration: number; 
ease: string; }; }' is not assignable 
to type 'TargetAndTransition'.
        Type '{ opacity: number; y: 
number; transition: { duration: number; 
ease: string; }; }' is not assignable 
to type '{ transition?: Transition<any> 
| undefined; transitionEnd?: 
ResolvedValues$1 | undefined; }'.
          Types of property 
'transition' are incompatible.
            Type '{ duration: number; 
ease: string; }' is not assignable to 
type 'Transition<any> | undefined'.
              Type '{ duration: number; 
ease: string; }' is not assignable to 
type 
'TransitionWithValueOverrides<any>'.
                Type '{ duration: 
number; ease: string; }' is not 
assignable to type 
'ValueAnimationTransition<any>'.
                  Types of property 
'ease' are incompatible.
                    Type 'string' is 
not assignable to type 'Easing | 
Easing[] | undefined'.

  [90m36 |[0m         
className=[32m"relative z-10 mx-auto 
max-w-[900px] text-center"[0m
  [90m37 |[0m       >
[31m[1m>[0m [90m38 |[0m         
<motion.div variants={item}>
  [90m   |[0m                     
[31m[1m^[0m
  [90m39 |[0m           <span 
className=[32m"mb-6 inline-block 
rounded-full border border-cyan-400/20 
bg-cya...[0m
  [90m40 |[0m             
[33mAvailable[0m [36mfor[0m 
[33mFreelance[0m
  [90m41 |[0m           </span>
Next.js build worker exited with code: 
1 and signal: null
